0.7: App taxi doesn't have a info.json
0.7: App test doesn't have a info.json
0.8: App taxi doesn't have a info.json
0.8: App test doesn't have a info.json
0.6: App taxi doesn't have a info.json
0.6: App test doesn't have a info.json
0.85: App taxi doesn't have a info.json
0.85: App test doesn't have a info.json
0.55: App taxi doesnt have a icon.nfp
0.55: App taxi doesn't have a open.lua
0.55: App test doesnt have a icon.nfp
0.55: App test doesn't have a open.lua
0.6: App taxi doesnt have a icon.nfp
0.6: App taxi doesn't have a open.lua
0.6: App test doesnt have a icon.nfp
0.6: App test doesn't have a open.lua
0.55: App taxi doesnt have a icon.nfp
0.55: App taxi doesn't have a open.lua
1.75: App taxi doesnt have a icon.nfp
1.75: App taxi doesn't have a open.lua
1.6: App appstore doesn't have a info.json
1.6: App settings doesn't have a info.json
1.15: App appstore doesn't have a info.json
1.15: App settings doesn't have a info.json
0: App icon.nfp doesn't have a info.json
0: App info.json doesn't have a info.json
0: App open.lua doesn't have a info.json
0: App icon.nfp doesn't have a info.json
0: App info.json doesn't have a info.json
0: App open.lua doesn't have a info.json
0: App appstore doesn't have a info.json
0: App settings doesn't have a info.json
0: App appstore doesn't have a info.json
0: App settings doesn't have a info.json
0: App appstore doesn't have a info.json
0: App settings doesn't have a info.json
0: App appstore doesn't have a info.json
0: App settings doesn't have a info.json
0: App appstore doesn't have a info.json
0: App settings doesn't have a info.json
0: App appstore doesn't have a info.json
0: App settings doesn't have a info.json
0: App appstore doesn't have a info.json
0: App settings doesn't have a info.json
0: App TaxiMan doesn't have a info.json
0: App appstore doesn't have a info.json
0: App settings doesn't have a info.json
0: App TaxiMan doesn't have a info.json
0: App appstore doesn't have a info.json
0: App settings doesn't have a info.json
0: App TaxiMan doesn't have a info.json
0: App appstore doesn't have a info.json
0: App settings doesn't have a info.json
0: App TaxiMan doesn't have a info.json
0: App appstore doesn't have a info.json
0: App settings doesn't have a info.json
