0:  
0: App appstore Successfully initialized
0: App settings Successfully initialized
0: App taxi Successfully initialized
0: App test Successfully initialized
0: System Booting...
0.95: Opening app: App Store
0:  
0: App appstore Successfully initialized
0: App settings Successfully initialized
0: App taxi Successfully initialized
0: App test Successfully initialized
0: System Booting...
0.7: Opening app: App Store
0:  
0: App appstore Successfully initialized
0: App settings Successfully initialized
0: App taxi Successfully initialized
0: App test Successfully initialized
0: System Booting...
0.8: Opening app: App Store
0:  
0: App appstore Successfully initialized
0: App settings Successfully initialized
0: App taxi Successfully initialized
0: App test Successfully initialized
0: System Booting...
0.6: Opening app: App Store
0:  
0: App appstore Successfully initialized
0: App settings Successfully initialized
0: App taxi Successfully initialized
0: App test Successfully initialized
0: System Booting...
0.85: Opening app: App Store
0:  
0: App appstore Successfully initialized
0: App settings Successfully initialized
0: App taxi Successfully initialized
0: App test Successfully initialized
0: System Booting...
0.95: Opening app: App Store
0:  
0: App appstore Successfully initialized
0: App settings Successfully initialized
0: App taxi Successfully initialized
0: App test Successfully initialized
0: System Booting...
0.5: Opening app: App Store
0:  
0: App appstore Successfully initialized
0: App settings Successfully initialized
0.05: App taxi Successfully initialized
0.05: App test Successfully initialized
0.05: System Booting...
0.6: Opening app: App Store
0:  
0: App appstore Successfully initialized
0: App settings Successfully initialized
0: App taxi Successfully initialized
0: App test Successfully initialized
0: System Booting...
0.6: Opening app: App Store
0:  
0: App appstore Successfully initialized
0: App settings Successfully initialized
0: App taxi Successfully initialized
0: App test Successfully initialized
0: System Booting...
0:  
0: App appstore Successfully initialized
0: App settings Successfully initialized
0: App taxi Successfully initialized
0: App test Successfully initialized
0: System Booting...
0.75: Opening app: App Store
0:  
0: App appstore Successfully initialized
0: App settings Successfully initialized
0: App taxi Successfully initialized
0: App test Successfully initialized
0: System Booting...
0.55: Opening app: App Store
0:  
0: App appstore Successfully initialized
0: App settings Successfully initialized
0: App taxi Successfully initialized
0: App test Successfully initialized
0: System Booting...
0.55: Opening app: App Store
0:  
0: App appstore Successfully initialized
0: App settings Successfully initialized
0: App taxi Successfully initialized
0: App test Successfully initialized
0: System Booting...
0.6: Opening app: App Store
0:  
0: App appstore Successfully initialized
0: App settings Successfully initialized
0: App taxi Successfully initialized
0: App test Successfully initialized
0: System Booting...
0.55: Opening app: App Store
0:  
0: App appstore Successfully initialized
0: App settings Successfully initialized
0: App taxi Successfully initialized
0: App test Successfully initialized
0: System Booting...
1.75: Opening app: App Store
0:  
0: App appstore Successfully initialized
0: App settings Successfully initialized
0: App taxi Successfully initialized
0: App test Successfully initialized
0: System Booting...
0.65: Opening app: App Store
0:  
0: App appstore Successfully initialized
0: App settings Successfully initialized
0: App taxi Successfully initialized
0: App test Successfully initialized
0: System Booting...
1.05: Opening app: Amongus
0:  
0: App appstore Successfully initialized
0: App settings Successfully initialized
0: App taxi Successfully initialized
0: App test Successfully initialized
0: System Booting...
0.65: Opening app: Amongus
0:  
0: App appstore Successfully initialized
0: App settings Successfully initialized
0: App taxi Successfully initialized
0: App test Successfully initialized
0: System Booting...
0.95: Opening app: App Store
0:  
0: App appstore Successfully initialized
0: App settings Successfully initialized
0: App taxi Successfully initialized
0: App test Successfully initialized
0: System Booting...
0.85: Opening app: Amongus
0:  
0: App appstore Successfully initialized
0: App settings Successfully initialized
0: App taxi Successfully initialized
0: App test Successfully initialized
0: System Booting...
1.2: Opening app: App Store
0:  
0: App appstore Successfully initialized
0: App settings Successfully initialized
0: App taxi Successfully initialized
0: App test Successfully initialized
0: System Booting...
1: Opening app: Settings
0:  
0: App appstore Successfully initialized
0: App settings Successfully initialized
0: App taxi Successfully initialized
0: App test Successfully initialized
0: System Booting...
0.55: Opening app: Settings
0:  
0: App appstore Successfully initialized
0: App settings Successfully initialized
0: App taxi Successfully initialized
0: App test Successfully initialized
0: System Booting...
0:  
0: App appstore Successfully initialized
0: App settings Successfully initialized
0: App taxi Successfully initialized
0: App test Successfully initialized
0: System Booting...
0.6: Opening app: Settings
0:  
0: App appstore Successfully initialized
0: App settings Successfully initialized
0: App taxi Successfully initialized
0: App test Successfully initialized
0: System Booting...
1: Opening app: App Store
0:  
0: App appstore Successfully initialized
0: App settings Successfully initialized
0: App taxi Successfully initialized
0: App test Successfully initialized
0: System Booting...
0.75: Opening app: Settings
0:  
0: App appstore Successfully initialized
0: App settings Successfully initialized
0: App taxi Successfully initialized
0: App test Successfully initialized
0: System Booting...
2.85: Opening app: App Store
0:  
0: App appstore Successfully initialized
0: App settings Successfully initialized
0: App taxi Successfully initialized
0: App test Successfully initialized
0: System Booting...
0.7: Opening app: Settings
0:  
0: App appstore Successfully initialized
0: App settings Successfully initialized
0: App taxi Successfully initialized
0: App test Successfully initialized
0: System Booting...
1.4: Opening app: App Store
0:  
0: App appstore Successfully initialized
0: App settings Successfully initialized
0: App taxi Successfully initialized
0: App test Successfully initialized
0: System Booting...
0.45: Opening app: Settings
0:  
0: App appstore Successfully initialized
0: App settings Successfully initialized
0: App taxi Successfully initialized
0: App test Successfully initialized
0: System Booting...
0:  
0: App appstore Successfully initialized
0: App settings Successfully initialized
0: App taxi Successfully initialized
0: App test Successfully initialized
0: System Booting...
0:  
0: App appstore Successfully initialized
0: App settings Successfully initialized
0: App taxi Successfully initialized
0: App test Successfully initialized
0: System Booting...
1.55: Opening app: App Store
0:  
0: App appstore Successfully initialized
0: App settings Successfully initialized
0: App taxi Successfully initialized
0: App test Successfully initialized
0: System Booting...
0.6: Opening app: App Store
0:  
0: App appstore Successfully initialized
0: App settings Successfully initialized
0: App taxi Successfully initialized
0: App test Successfully initialized
0: System Booting...
0.6: Opening app: App Store
0:  
0: App appstore Successfully initialized
0: App settings Successfully initialized
0: App taxi Successfully initialized
0: App test Successfully initialized
0: System Booting...
0.65: Opening app: App Store
0:  
0: App appstore Successfully initialized
0: App settings Successfully initialized
0: App taxi Successfully initialized
0: App test Successfully initialized
0: System Booting...
1.4: Opening app: App Store
0:  
0: App appstore Successfully initialized
0: App settings Successfully initialized
0: App taxi Successfully initialized
0: App test Successfully initialized
0: System Booting...
0.55: Opening app: App Store
0:  
0: App appstore Successfully initialized
0: App settings Successfully initialized
0: App taxi Successfully initialized
0: App test Successfully initialized
0: System Booting...
0.75: Opening app: App Store
0:  
0: App appstore Successfully initialized
0: App settings Successfully initialized
0: App taxi Successfully initialized
0: App test Successfully initialized
0: System Booting...
0.55: Opening app: App Store
0:  
0: App appstore Successfully initialized
0: App settings Successfully initialized
0: App taxi Successfully initialized
0: App test Successfully initialized
0: System Booting...
0:  
0: App appstore Successfully initialized
0: App settings Successfully initialized
0: App taxi Successfully initialized
0: App test Successfully initialized
0: System Booting...
1.05: Opening app: App Store
0:  
0: App appstore Successfully initialized
0: App settings Successfully initialized
0: App taxi Successfully initialized
0: App test Successfully initialized
0: System Booting...
0.9: Opening app: App Store
0:  
0: App appstore Successfully initialized
0: App settings Successfully initialized
0: App taxi Successfully initialized
0: App test Successfully initialized
0: System Booting...
0.75: Opening app: App Store
0:  
0: App appstore Successfully initialized
0: App settings Successfully initialized
0: App taxi Successfully initialized
0: App test Successfully initialized
0: System Booting...
0.65: Opening app: App Store
0:  
0: App appstore Successfully initialized
0: App settings Successfully initialized
0: App taxi Successfully initialized
0: App test Successfully initialized
0: System Booting...
0.7: Opening app: App Store
0:  
0: App appstore Successfully initialized
0: App settings Successfully initialized
0: App taxi Successfully initialized
0: App test Successfully initialized
0: System Booting...
0.5: Opening app: App Store
0:  
0: App appstore Successfully initialized
0: App settings Successfully initialized
0: App taxi Successfully initialized
0: App test Successfully initialized
0: System Booting...
0.8: Opening app: App Store
0:  
0: App appstore Successfully initialized
0: App settings Successfully initialized
0: App taxi Successfully initialized
0: App test Successfully initialized
0: System Booting...
0.55: Opening app: App Store
0:  
0: App appstore Successfully initialized
0: App settings Successfully initialized
0: App taxi Successfully initialized
0: App test Successfully initialized
0: System Booting...
0:  
0: App appstore Successfully initialized
0: App settings Successfully initialized
0: App taxi Successfully initialized
0: App test Successfully initialized
0: System Booting...
0.6: Opening app: App Store
0:  
0: App appstore Successfully initialized
0: App settings Successfully initialized
0: App taxi Successfully initialized
0: App test Successfully initialized
0: System Booting...
1.3: Opening app: App Store
0:  
0: App appstore Successfully initialized
0: App settings Successfully initialized
0: App taxi Successfully initialized
0: App test Successfully initialized
0: System Booting...
2.75: Opening app: App Store
0:  
0: App appstore Successfully initialized
0: App settings Successfully initialized
0: App taxi Successfully initialized
0: App test Successfully initialized
0: System Booting...
0.75: Opening app: App Store
0:  
0: App appstore Successfully initialized
0: App settings Successfully initialized
0: App taxi Successfully initialized
0: App test Successfully initialized
0: System Booting...
0.45: Opening app: App Store
0:  
0: App appstore Successfully initialized
0: App settings Successfully initialized
0: App taxi Successfully initialized
0: App test Successfully initialized
0: System Booting...
0.75: Opening app: App Store
0:  
0: App appstore Successfully initialized
0: App settings Successfully initialized
0: App taxi Successfully initialized
0: App test Successfully initialized
0: System Booting...
0.75: Opening app: App Store
0:  
0: App appstore Successfully initialized
0: App settings Successfully initialized
0: App taxi Successfully initialized
0: App test Successfully initialized
0: System Booting...
0:  
0: App appstore Successfully initialized
0: App settings Successfully initialized
0: App taxi Successfully initialized
0: App test Successfully initialized
0: System Booting...
0.7: Opening app: App Store
0:  
0: App appstore Successfully initialized
0: App settings Successfully initialized
0: App taxi Successfully initialized
0: App test Successfully initialized
0: System Booting...
0.6: Opening app: App Store
0:  
0: App appstore Successfully initialized
0: App settings Successfully initialized
0: App taxi Successfully initialized
0: App test Successfully initialized
0: System Booting...
0.5: Opening app: App Store
0:  
0: App appstore Successfully initialized
0: App settings Successfully initialized
0: App taxi Successfully initialized
0: App test Successfully initialized
0: System Booting...
0.8: Opening app: App Store
0:  
0: App appstore Successfully initialized
0: App settings Successfully initialized
0: App taxi Successfully initialized
0: App test Successfully initialized
0: System Booting...
0.45: Opening app: App Store
0:  
0: App appstore Successfully initialized
0: App settings Successfully initialized
0: App taxi Successfully initialized
0: App test Successfully initialized
0: System Booting...
0.5: Opening app: App Store
0:  
0: App appstore Successfully initialized
0: App settings Successfully initialized
0: App taxi Successfully initialized
0: App test Successfully initialized
0: System Booting...
0.7: Opening app: App Store
0:  
0: App appstore Successfully initialized
0: App settings Successfully initialized
0: App taxi Successfully initialized
0: App test Successfully initialized
0: System Booting...
0.4: Opening app: App Store
0:  
0: App appstore Successfully initialized
0: App settings Successfully initialized
0: App taxi Successfully initialized
0: App test Successfully initialized
0: System Booting...
0.5: Opening app: App Store
0:  
0: App appstore Successfully initialized
0: App settings Successfully initialized
0: App taxi Successfully initialized
0: App test Successfully initialized
0: System Booting...
0.6: Opening app: App Store
0:  
0: App appstore Successfully initialized
0: App settings Successfully initialized
0: App taxi Successfully initialized
0: App test Successfully initialized
0: System Booting...
0.55: Opening app: App Store
0:  
0: App appstore Successfully initialized
0: App settings Successfully initialized
0: App taxi Successfully initialized
0: App test Successfully initialized
0: System Booting...
0.55: Opening app: App Store
0:  
0: App appstore Successfully initialized
0: App settings Successfully initialized
0: App taxi Successfully initialized
0: App test Successfully initialized
0: System Booting...
5.55: Opening app: App Store
0:  
0: App appstore Successfully initialized
0: App settings Successfully initialized
0: App taxi Successfully initialized
0: App test Successfully initialized
0: System Booting...
0.75: Opening app: App Store
0:  
0: App appstore Successfully initialized
0: App settings Successfully initialized
0: App taxi Successfully initialized
0: App test Successfully initialized
0: System Booting...
0.8: Opening app: App Store
0:  
0: App appstore Successfully initialized
0: App settings Successfully initialized
0: App taxi Successfully initialized
0: App test Successfully initialized
0: System Booting...
0.5: Opening app: App Store
0:  
0: App appstore Successfully initialized
0: App settings Successfully initialized
0: App taxi Successfully initialized
0: App test Successfully initialized
0: System Booting...
0.6: Opening app: App Store
0:  
0: App appstore Successfully initialized
0: App settings Successfully initialized
0: App taxi Successfully initialized
0: App test Successfully initialized
0: System Booting...
0.45: Opening app: App Store
0.05:  
0.05: App appstore Successfully initialized
0.05: App settings Successfully initialized
0.05: App taxi Successfully initialized
0.05: App test Successfully initialized
0.05: System Booting...
0.55: Opening app: App Store
0:  
0: App appstore Successfully initialized
0: App settings Successfully initialized
0: App taxi Successfully initialized
0: App test Successfully initialized
0: System Booting...
1.25: Opening app: App Store
0:  
0: App appstore Successfully initialized
0: App settings Successfully initialized
0: App taxi Successfully initialized
0: App test Successfully initialized
0: System Booting...
0.85: Opening app: App Store
0.05:  
0.05: App appstore Successfully initialized
0.05: App settings Successfully initialized
0.05: App taxi Successfully initialized
0.05: App test Successfully initialized
0.05: System Booting...
0.55: Opening app: App Store
0:  
0: App appstore Successfully initialized
0: App settings Successfully initialized
0: App taxi Successfully initialized
0: App test Successfully initialized
0: System Booting...
0.6: Opening app: App Store
0:  
0: App appstore Successfully initialized
0: App settings Successfully initialized
0: App taxi Successfully initialized
0: App test Successfully initialized
0: System Booting...
0.95: Opening app: App Store
0:  
0: App appstore Successfully initialized
0: App settings Successfully initialized
0: App TaxiMan Successfully initialized
0: App TestApp Successfully initialized
0: System Booting...
0.6: Opening app: App Store
0:  
0: App appstore Successfully initialized
0: App settings Successfully initialized
0: App TaxiMan Successfully initialized
0: App TestApp Successfully initialized
0: System Booting...
0.75: Opening app: App Store
0:  
0: App appstore Successfully initialized
0: App settings Successfully initialized
0: App TaxiMan Successfully initialized
0: App TestApp Successfully initialized
0: System Booting...
0.8: Opening app: App Store
0:  
0: App appstore Successfully initialized
0: App settings Successfully initialized
0: App TaxiMan Successfully initialized
0: App TestApp Successfully initialized
0: System Booting...
0.55: Opening app: App Store
0:  
0: App appstore Successfully initialized
0: App settings Successfully initialized
0: App TaxiMan Successfully initialized
0: App TestApp Successfully initialized
0: System Booting...
0.8: Opening app: App Store
0:  
0: App appstore Successfully initialized
0: App settings Successfully initialized
0: App TaxiMan Successfully initialized
0: App TestApp Successfully initialized
0: System Booting...
0.6: Opening app: App Store
0:  
0: App appstore Successfully initialized
0: App settings Successfully initialized
0: App TaxiMan Successfully initialized
0: App TestApp Successfully initialized
0: System Booting...
0.65: Opening app: App Store
0:  
0: App appstore Successfully initialized
0: App settings Successfully initialized
0: App TaxiMan Successfully initialized
0: System Booting...
1.5: Opening app: App Store
0:  
0: App appstore Successfully initialized
0: App settings Successfully initialized
0: App TaxiMan Successfully initialized
0: System Booting...
0.9: Opening app: App Store
0:  
0: App appstore Successfully initialized
0: App settings Successfully initialized
0: App TaxiMan Successfully initialized
0: System Booting...
0.9: Opening app: App Store
0:  
0: App appstore Successfully initialized
0: App settings Successfully initialized
0: System Booting...
0.6: Opening app: App Store
0:  
0: App appstore Successfully initialized
0: App settings Successfully initialized
0: App TaxiMan Successfully initialized
0: App TestApp Successfully initialized
0: System Booting...
1.05: Opening app: App Store
0:  
0: App appstore Successfully initialized
0: App settings Successfully initialized
0: System Booting...
0:  
0: App appstore Successfully initialized
0: App settings Successfully initialized
0:  
0: App appstore Successfully initialized
0: App settings Successfully initialized
0: System Booting
0:  
0: App appstore Successfully initialized
0: App settings Successfully initialized
0: System Booting
0:  
0: App appstore Successfully initialized
0: App settings Successfully initialized
0: System Booting
0:  
0: App appstore Successfully initialized
0: App settings Successfully initialized
0: System Booting
0:  
0: App appstore Successfully initialized
0: App settings Successfully initialized
0: System Booting
0:  
0: App appstore Successfully initialized
0: App settings Successfully initialized
0: System Booting
0:  
0: App appstore Successfully initialized
0: App settings Successfully initialized
0: System Booting
2.1: Opening app: App Store
0:  
0: App appstore Successfully initialized
0: App settings Successfully initialized
0: System Booting
3.85: Opening app: App Store
0:  
0: App appstore Successfully initialized
0: App settings Successfully initialized
0: System Booting
0:  
0: App appstore Successfully initialized
0: App settings Successfully initialized
0: System Booting
0:  
0: App appstore Successfully initialized
0: App settings Successfully initialized
0: System Booting
7.25: Opening app: App Store
0:  
0: App appstore Successfully initialized
0: App settings Successfully initialized
0: System Booting
2.05: Opening app: App Store
0:  
0: App appstore Successfully initialized
0: App settings Successfully initialized
0: System Booting
2.4: Opening app: App Store
0:  
0: App appstore Successfully initialized
0: App settings Successfully initialized
0: System Booting
1.05: Opening app: App Store
0:  
0: App appstore Successfully initialized
0: App settings Successfully initialized
0: App TaxiMan Successfully initialized
0: System Booting
13.4: Opening app: Taxi
0:  
0: App appstore Successfully initialized
0: App settings Successfully initialized
0: App TaxiMan Successfully initialized
0: System Booting
0.75: Opening app: Taxi
0:  
0: App appstore Successfully initialized
0: App settings Successfully initialized
0: App TaxiMan Successfully initialized
0: System Booting
1.55: Opening app: Taxi
0:  
0: App appstore Successfully initialized
0: App settings Successfully initialized
0: App TaxiMan Successfully initialized
0: System Booting
4.65: Opening app: Taxi
0:  
0: App appstore Successfully initialized
0: App settings Successfully initialized
0: App TaxiMan Successfully initialized
0:  
0: App appstore Successfully initialized
0: App settings Successfully initialized
0: App TaxiMan Successfully initialized
0:  
0: App appstore Successfully initialized
0: App settings Successfully initialized
0: App TaxiMan Successfully initialized
0.05: Updating app Taxi
1.15: System Booting
0:  
0: App appstore Successfully initialized
0: App settings Successfully initialized
0: App TaxiMan Successfully initialized
0.45: System Booting
0:  
0: App appstore Successfully initialized
0: App settings Successfully initialized
0: App TaxiMan Successfully initialized
0.05: Opening app: Taxi
0:  
0: App appstore Successfully initialized
0: App settings Successfully initialized
0: App TaxiMan Successfully initialized
0.2: System Booting
0:  
0: App appstore Successfully initialized
0: App settings Successfully initialized
0: App TaxiMan Successfully initialized
0.25: System Booting
0:  
0: App appstore Successfully initialized
0: App settings Successfully initialized
0: App TaxiMan Successfully initialized
0.1: System Booting
0:  
0: App appstore Successfully initialized
0: App settings Successfully initialized
0: App TaxiMan Successfully initialized
0: System Booting
0:  
0: App appstore Successfully initialized
0: App settings Successfully initialized
0: App TaxiMan Successfully initialized
0.3: System Booting
